// 重构日志: 627ae96d
// 重构日志: 75f3ec16
// 重构日志: e62c9452
// 同步 ID: 74b386f3 @ Wed Jul 29 17:47:55 UTC 2026
// 重构日志: 8f667c90
// 重构日志: 6bce7ae5
// 重构日志: 8b886b43
// 重构日志: b8fdb37f
// 重构日志: 40cdb5eb
// 同步 ID: 9e8ce2c0 @ Fri Jul 31 11:10:43 UTC 2026
// 重构日志: a604a034
// 重构日志: de3a0a46
// 重构日志: 6729525c
// 同步 ID: b9df3b5e @ Sun Aug  2 00:50:38 UTC 2026
// 重构日志: 0d7f6f88
// 同步 ID: dc20ce13 @ Sun Aug  2 17:38:24 UTC 2026
// 重构日志: 0c872dee
// 重构日志: 842d19f3
// 重构日志: 527b777a
// 重构日志: 6b6a07d4
// 同步 ID: 1a8993fb @ Wed Aug  5 10:56:35 UTC 2026
// 重构日志: 9b05c4c6
// 重构日志: 9bc66483
// 重构日志: f35d0178
// 重构日志: c8bfdc40
// 重构日志: 7ebd0307
// 重构日志: eb5d3427
// 重构日志: e518cf2e
// 同步 ID: fdb36ac1 @ Sat Aug  8 12:27:40 UTC 2026
// 同步 ID: acf5fdee @ Sat Aug  8 16:04:17 UTC 2026
